producer_class	xtools.gsea.Gsea
producer_timestamp	1765205157549
param	zip_report	false
param	num	100
param	scoring_scheme	weighted
param	norm	meandiv
param	out	C:\Users\user\Documents\gsea_home\output\dec08
param	mode	Max_probe
param	include_only_symbols	true
param	set_max	500
param	gmx	ftp.broadinstitute.org://pub/gsea/msigdb/human/gene_sets/c2.all.v2025.1.Hs.symbols.gmt
param	plot_top_x	20
param	nperm	1000
param	order	descending
param	rnd_seed	timestamp
param	rpt_label	second_try_c2_curated
param	set_min	15
param	res	C:\Users\user\Desktop\UNI\magistrale\labAvanzatoPiazza\dati\normalized_counts.txt
param	chip	ftp.broadinstitute.org://pub/gsea/msigdb/human/annotations/Human_Ensembl_Gene_ID_MSigDB.v2025.1.Hs.chip
param	create_svgs	false
param	cls	C:\Users\user\Desktop\UNI\magistrale\labAvanzatoPiazza\dati\phenotype_labels.cls#migraSi_versus_migraNo
param	sort	real
param	create_gcts	false
param	help	false
param	save_rnd_lists	false
param	median	false
param	metric	Signal2Noise
param	make_sets	true
param	rnd_type	no_balance
param	gui	false
param	permute	gene_set
param	collapse	Collapse

file	C:\Users\user\Documents\gsea_home\output\dec08\second_try_c2_curated.Gsea.1765205157549\index.html
